// Jest Snapshot v1, https://goo.gl/fbAQLP

exports[`<LandingPage/> Renders correctly using enzyme 1`] = `
<div
  className="landingPageContainer"
>
  <img
    alt="restaurant"
    className="img"
    src="pexels-emre-can-2079438.jpg"
  />
  <Reviews />
</div>
`;
