// Jest Snapshot v1, https://goo.gl/fbAQLP

exports[`<Button/> snapshot 1`] = `
<Fragment>
  <button
    className="undefined btn"
  />
</Fragment>
`;
