// Jest Snapshot v1, https://goo.gl/fbAQLP

exports[`<Card/> Renders correctly with enzyme 1`] = `
<div
  className="container"
>
  <span
    className="qoutes"
  >
    ,,
  </span>
  <p>
    Mon May 31 2021
  </p>
  <h4>
    susan smith
  </h4>
  <StarRating
    rating="4"
  />
  <p>
    I'm baby meggings twee health goth +1. Bicycle rights tumeric chartreuse before they sold out chambray pop-up. Shaman humblebrag pickled coloring book salvia hoodie, cold-pressed four dollar toast everyday carry
  </p>
</div>
`;
