// Jest Snapshot v1, https://goo.gl/fbAQLP

exports[`<Header/> Renders correctly 1`] = `
<header>
  <NavBar />
  <h1
    className="logo"
  >
    The Diner
  </h1>
</header>
`;
