// Jest Snapshot v1, https://goo.gl/fbAQLP

exports[`<Arrows/> Renders correctly 1`] = `
<Fragment>
  <Button
    className="prev"
    value="←"
  />
  <Button
    className="next"
    value="→"
  />
</Fragment>
`;
