// Jest Snapshot v1, https://goo.gl/fbAQLP

exports[`<Reviews/> <Renders correctly using enzyme 1`] = `
<article
  className="container"
>
  <h3>
    Reviews
  </h3>
  <section>
    <span
      className="qoutes"
    >
      ,,
    </span>
    <Card
      quote={
        Object {
          "id": 1,
          "name": "susan smith",
          "text": "I'm baby meggings twee health goth +1. Bicycle rights tumeric chartreuse before they sold out chambray pop-up. Shaman humblebrag pickled coloring book salvia hoodie, cold-pressed four dollar toast everyday carry",
        }
      }
    />
    <Arrows
      nextReview={[Function]}
      prevReview={[Function]}
    />
  </section>
</article>
`;
