// Jest Snapshot v1, https://goo.gl/fbAQLP

exports[`<Header/> <Header/> renders correctly 1`] = `
<div>
  <h1
    className="logo"
  >
    The Diner
  </h1>
</div>
`;
