// Jest Snapshot v1, https://goo.gl/fbAQLP

exports[`<Links/> <Link /> renders "null" 1`] = `null`;

exports[`<Links/> Render correctly 1`] = `
<ForwardRef(Link)
  className={null}
/>
`;
