// Jest Snapshot v1, https://goo.gl/fbAQLP

exports[`<Link /> renders "null" 1`] = `null`;
