// Jest Snapshot v1, https://goo.gl/fbAQLP

exports[`<MenuCard/> renders correctly 1`] = `null`;
